
> autopilot-web@0.1.0 build
> next build --turbopack

   ▲ Next.js 15.5.2 (Turbopack)
   - Environments: .env.local, .env.production
   - Experiments (use with caution):
     · optimizePackageImports

   Creating an optimized production build ...
